// Jest Snapshot v1, https://goo.gl/fbAQLP

exports[`healthController health 1`] = `
Object {
  "health": "success",
}
`;
